
❌ add_team_columns_to_weather ERROR (2025-07-22 07:18:57 PM EDT):
Traceback (most recent call last):
  File "/opt/hostedtoolcache/Python/3.10.18/x64/lib/python3.10/site-packages/pandas/core/indexes/base.py", line 3812, in get_loc
    return self._engine.get_loc(casted_key)
  File "pandas/_libs/index.pyx", line 167, in pandas._libs.index.IndexEngine.get_loc
  File "pandas/_libs/index.pyx", line 196, in pandas._libs.index.IndexEngine.get_loc
  File "pandas/_libs/hashtable_class_helper.pxi", line 7088, in pandas._libs.hashtable.PyObjectHashTable.get_item
  File "pandas/_libs/hashtable_class_helper.pxi", line 7096, in pandas._libs.hashtable.PyObjectHashTable.get_item
KeyError: 'home_team'

The above exception was the direct cause of the following exception:

Traceback (most recent call last):
  File "/home/runner/work/sports-betting-site/sports-betting-site/scripts/add_team_columns_to_weather.py", line 27, in <module>
    main()
  File "/home/runner/work/sports-betting-site/sports-betting-site/scripts/add_team_columns_to_weather.py", line 19, in main
    away_team_map = dict(zip(input_df["home_team"], input_df["away_team"]))
  File "/opt/hostedtoolcache/Python/3.10.18/x64/lib/python3.10/site-packages/pandas/core/frame.py", line 4107, in __getitem__
    indexer = self.columns.get_loc(key)
  File "/opt/hostedtoolcache/Python/3.10.18/x64/lib/python3.10/site-packages/pandas/core/indexes/base.py", line 3819, in get_loc
    raise KeyError(key) from err
KeyError: 'home_team'

---

❌ apply_pitcher_weather_adjustment ERROR (2025-07-22 07:18:57 PM EDT):
Traceback (most recent call last):
  File "/home/runner/work/sports-betting-site/sports-betting-site/scripts/apply_pitcher_weather_adjustment.py", line 42, in <module>
    main()
  File "/home/runner/work/sports-betting-site/sports-betting-site/scripts/apply_pitcher_weather_adjustment.py", line 31, in main
    raise ValueError("weather_adjustments.csv missing home_team or away_team column")
ValueError: weather_adjustments.csv missing home_team or away_team column

---

